2026-09-08 11:10:17,272 - INFO - [base.py:44] - Intentando descargar (Intento 1/2): https://www.zonaprop.com.ar/propiedades/clasificado/alclphin-alquiler-ph-4-ambientes-patio-balcon-en-1er-piso-60085012.html
2026-09-08 11:10:17,826 - INFO - [base.py:61] - Descarga exitosa de https://www.zonaprop.com.ar/propiedades/clasificado/alclphin-alquiler-ph-4-ambientes-patio-balcon-en-1er-piso-60085012.html
2026-09-08 11:10:23,274 - INFO - [base.py:44] - Intentando descargar (Intento 1/2): https://www.zonaprop.com.ar/propiedades/clasificado/alclphin-alquiler-ph-4-ambientes-patio-balcon-en-1er-piso-60085012.html
2026-09-08 11:10:23,377 - INFO - [base.py:61] - Descarga exitosa de https://www.zonaprop.com.ar/propiedades/clasificado/alclphin-alquiler-ph-4-ambientes-patio-balcon-en-1er-piso-60085012.html
2026-09-08 11:10:45,010 - INFO - [base.py:44] - Intentando descargar (Intento 1/2): https://www.zonaprop.com.ar/propiedades/clasificado/alclphin-alquiler-ph-4-ambientes-patio-balcon-en-1er-piso-60085012.html?utm_source=share&utm_medium=copyLink&utm_campaign=property_share
2026-09-08 11:10:45,116 - INFO - [base.py:61] - Descarga exitosa de https://www.zonaprop.com.ar/propiedades/clasificado/alclphin-alquiler-ph-4-ambientes-patio-balcon-en-1er-piso-60085012.html?utm_source=share&utm_medium=copyLink&utm_campaign=property_share
2026-09-08 11:12:32,217 - INFO - [base.py:44] - Intentando descargar (Intento 1/2): https://www.zonaprop.com.ar/propiedades/clasificado/alclphin-alquiler-ph-4-ambientes-patio-balcon-en-1er-piso-60085012.html?utm_source=share&utm_medium=copyLink&utm_campaign=property_share
2026-09-08 11:12:32,357 - INFO - [base.py:61] - Descarga exitosa de https://www.zonaprop.com.ar/propiedades/clasificado/alclphin-alquiler-ph-4-ambientes-patio-balcon-en-1er-piso-60085012.html?utm_source=share&utm_medium=copyLink&utm_campaign=property_share
2026-09-08 11:17:43,884 - INFO - [base.py:44] - Intentando descargar (Intento 1/2): https://www.zonaprop.com.ar/propiedades/clasificado/alclphin-alquiler-ph-4-ambientes-patio-balcon-en-1er-piso-60085012.html?utm_source=share&utm_medium=copyLink&utm_campaign=property_share
2026-09-08 11:17:44,401 - INFO - [base.py:61] - Descarga exitosa de https://www.zonaprop.com.ar/propiedades/clasificado/alclphin-alquiler-ph-4-ambientes-patio-balcon-en-1er-piso-60085012.html?utm_source=share&utm_medium=copyLink&utm_campaign=property_share
2026-09-08 11:17:46,812 - INFO - [base.py:44] - Intentando descargar (Intento 1/2): https://www.zonaprop.com.ar/propiedades/clasificado/alclphin-alquiler-ph-4-ambientes-patio-balcon-en-1er-piso-60085012.html?utm_source=share&utm_medium=copyLink&utm_campaign=property_share
2026-09-08 11:17:46,909 - INFO - [base.py:61] - Descarga exitosa de https://www.zonaprop.com.ar/propiedades/clasificado/alclphin-alquiler-ph-4-ambientes-patio-balcon-en-1er-piso-60085012.html?utm_source=share&utm_medium=copyLink&utm_campaign=property_share
2026-09-08 11:18:14,339 - INFO - [base.py:44] - Intentando descargar (Intento 1/2): https://www.zonaprop.com.ar/propiedades/clasificado/alclphin-alquiler-ph-4-ambientes-patio-balcon-en-1er-piso-60085012.html?utm_source=share&utm_medium=copyLink&utm_campaign=property_share
2026-09-08 11:18:14,436 - INFO - [base.py:61] - Descarga exitosa de https://www.zonaprop.com.ar/propiedades/clasificado/alclphin-alquiler-ph-4-ambientes-patio-balcon-en-1er-piso-60085012.html?utm_source=share&utm_medium=copyLink&utm_campaign=property_share
2026-09-08 11:24:03,690 - INFO - [base.py:44] - Intentando descargar (Intento 1/2): https://www.zonaprop.com.ar/propiedades/clasificado/alclphin-alquiler-ph-4-ambientes-patio-balcon-en-1er-piso-60085012.html?utm_source=share&utm_medium=copyLink&utm_campaign=property_share
2026-09-08 11:24:04,530 - INFO - [base.py:61] - Descarga exitosa de https://www.zonaprop.com.ar/propiedades/clasificado/alclphin-alquiler-ph-4-ambientes-patio-balcon-en-1er-piso-60085012.html?utm_source=share&utm_medium=copyLink&utm_campaign=property_share
2026-09-08 11:26:40,601 - INFO - [base.py:44] - Intentando descargar (Intento 1/2): https://www.zonaprop.com.ar/propiedades/clasificado/alclphin-alquiler-ph-4-ambientes-patio-balcon-en-1er-piso-60085012.html?utm_source=share&utm_medium=copyLink&utm_campaign=property_share
2026-09-08 11:26:40,725 - INFO - [base.py:61] - Descarga exitosa de https://www.zonaprop.com.ar/propiedades/clasificado/alclphin-alquiler-ph-4-ambientes-patio-balcon-en-1er-piso-60085012.html?utm_source=share&utm_medium=copyLink&utm_campaign=property_share
2026-09-08 11:32:18,345 - INFO - [base.py:44] - Intentando descargar (Intento 1/2): https://www.zonaprop.com.ar/propiedades/clasificado/alclphin-alquiler-ph-4-ambientes-patio-balcon-en-1er-piso-60085012.html?utm_source=share&utm_medium=copyLink&utm_campaign=property_share
2026-09-08 11:32:18,847 - INFO - [base.py:61] - Descarga exitosa de https://www.zonaprop.com.ar/propiedades/clasificado/alclphin-alquiler-ph-4-ambientes-patio-balcon-en-1er-piso-60085012.html?utm_source=share&utm_medium=copyLink&utm_campaign=property_share
2026-09-08 11:38:38,714 - INFO - [base.py:44] - Intentando descargar (Intento 1/2): https://www.zonaprop.com.ar/propiedades/clasificado/alclphin-alquiler-ph-4-ambientes-patio-balcon-en-1er-piso-60085012.html
2026-09-08 11:38:39,331 - INFO - [base.py:61] - Descarga exitosa de https://www.zonaprop.com.ar/propiedades/clasificado/alclphin-alquiler-ph-4-ambientes-patio-balcon-en-1er-piso-60085012.html
2026-09-08 11:40:00,898 - INFO - [base.py:44] - Intentando descargar (Intento 1/2): https://www.zonaprop.com.ar/propiedades/clasificado/vecllcin-local-en-alquiler-a-estrenar-zona-barrio-norte-54920507.html?n_src=Listado&n_pg=1&n_pos=2&n_search_id=b1cbd80a-1d30-4616-8a69-1c7c2caa94fa&utm_source=share&utm_medium=copyLink&utm_campaign=property_share
2026-09-08 11:40:01,006 - INFO - [base.py:61] - Descarga exitosa de https://www.zonaprop.com.ar/propiedades/clasificado/vecllcin-local-en-alquiler-a-estrenar-zona-barrio-norte-54920507.html?n_src=Listado&n_pg=1&n_pos=2&n_search_id=b1cbd80a-1d30-4616-8a69-1c7c2caa94fa&utm_source=share&utm_medium=copyLink&utm_campaign=property_share
2026-09-08 11:43:18,746 - INFO - [base.py:44] - Intentando descargar (Intento 1/2): https://www.zonaprop.com.ar/propiedades/clasificado/vecllcin-local-en-alquiler-a-estrenar-zona-barrio-norte-54920507.html?n_src=Listado&n_pg=1&n_pos=2&n_search_id=b1cbd80a-1d30-4616-8a69-1c7c2caa94fa
2026-09-08 11:43:18,876 - INFO - [base.py:61] - Descarga exitosa de https://www.zonaprop.com.ar/propiedades/clasificado/vecllcin-local-en-alquiler-a-estrenar-zona-barrio-norte-54920507.html?n_src=Listado&n_pg=1&n_pos=2&n_search_id=b1cbd80a-1d30-4616-8a69-1c7c2caa94fa
2026-09-08 11:48:40,554 - INFO - [base.py:44] - Intentando descargar (Intento 1/2): https://www.zonaprop.com.ar/propiedades/clasificado/vecllcin-local-en-alquiler-a-estrenar-zona-barrio-norte-54920507.html?n_src=Listado&n_pg=1&n_pos=2&n_search_id=b1cbd80a-1d30-4616-8a69-1c7c2caa94fa
2026-09-08 11:48:41,116 - INFO - [base.py:61] - Descarga exitosa de https://www.zonaprop.com.ar/propiedades/clasificado/vecllcin-local-en-alquiler-a-estrenar-zona-barrio-norte-54920507.html?n_src=Listado&n_pg=1&n_pos=2&n_search_id=b1cbd80a-1d30-4616-8a69-1c7c2caa94fa
2026-09-08 11:49:30,554 - INFO - [base.py:44] - Intentando descargar (Intento 1/2): https://www.zonaprop.com.ar/propiedades/clasificado/veclapin-oportunidad-2-departamentos-tres-ambientes-con-2-55358340.html?n_src=Listado&n_pills=Parrilla&n_pg=1&n_pos=5&n_search_id=b1cbd80a-1d30-4616-8a69-1c7c2caa94fa
2026-09-08 11:49:30,676 - INFO - [base.py:61] - Descarga exitosa de https://www.zonaprop.com.ar/propiedades/clasificado/veclapin-oportunidad-2-departamentos-tres-ambientes-con-2-55358340.html?n_src=Listado&n_pills=Parrilla&n_pg=1&n_pos=5&n_search_id=b1cbd80a-1d30-4616-8a69-1c7c2caa94fa
2026-09-08 11:56:45,091 - INFO - [base.py:44] - Intentando descargar (Intento 1/2): https://www.argenprop.com/departamento-en-alquiler-en-las-canitas-1-ambiente--20370009
2026-09-08 11:56:45,649 - INFO - [base.py:61] - Descarga exitosa de https://www.argenprop.com/departamento-en-alquiler-en-las-canitas-1-ambiente--20370009
2026-09-08 12:02:18,947 - INFO - [base.py:44] - Intentando descargar (Intento 1/2): https://www.argenprop.com/departamento-en-alquiler-en-las-canitas-1-ambiente--20370009
2026-09-08 12:02:19,341 - INFO - [base.py:61] - Descarga exitosa de https://www.argenprop.com/departamento-en-alquiler-en-las-canitas-1-ambiente--20370009
2026-09-08 12:05:54,210 - INFO - [base.py:44] - Intentando descargar (Intento 1/2): https://www.argenprop.com/departamento-en-alquiler-en-las-canitas-1-ambiente--20370009
2026-09-08 12:05:54,311 - INFO - [base.py:61] - Descarga exitosa de https://www.argenprop.com/departamento-en-alquiler-en-las-canitas-1-ambiente--20370009
2026-09-08 19:05:22,622 - INFO - [base.py:44] - Intentando descargar (Intento 1/2): https://www.argenprop.com/departamento-en-alquiler-en-caballito-3-ambientes--8308810
2026-09-08 19:05:26,766 - INFO - [base.py:61] - Descarga exitosa de https://www.argenprop.com/departamento-en-alquiler-en-caballito-3-ambientes--8308810
